---
source: ollama-cli/src/tui/event/mod.rs
expression: event_definitions
snapshot_kind: text
---
EventDefinitions(
    {
        Edit: ActionMap(
            {
                Key {
                    event: KeyEvent {
                        code: Esc,
                        modifiers: KeyModifiers(
                            0x0,
                        ),
                        kind: Press,
                        state: KeyEventState(
                            0x0,
                        ),
                    },
                    node: Some(
                        Node {
                            modifiers: 0,
                            key: Esc,
                        },
                    ),
                }: Escape,
                Key {
                    event: KeyEvent {
                        code: Down,
                        modifiers: KeyModifiers(
                            0x0,
                        ),
                        kind: Press,
                        state: KeyEventState(
                            0x0,
                        ),
                    },
                    node: Some(
                        Node {
                            modifiers: 0,
                            key: Down,
                        },
                    ),
                }: Down,
                Key {
                    event: KeyEvent {
                        code: Enter,
                        modifiers: KeyModifiers(
                            0x0,
                        ),
                        kind: Press,
                        state: KeyEventState(
                            0x0,
                        ),
                    },
                    node: Some(
                        Node {
                            modifiers: 0,
                            key: Enter,
                        },
                    ),
                }: Enter,
                Key {
                    event: KeyEvent {
                        code: Backspace,
                        modifiers: KeyModifiers(
                            0x0,
                        ),
                        kind: Press,
                        state: KeyEventState(
                            0x0,
                        ),
                    },
                    node: Some(
                        Node {
                            modifiers: 0,
                            key: Backspace,
                        },
                    ),
                }: Backspace,
                Key {
                    event: KeyEvent {
                        code: Left,
                        modifiers: KeyModifiers(
                            0x0,
                        ),
                        kind: Press,
                        state: KeyEventState(
                            0x0,
                        ),
                    },
                    node: Some(
                        Node {
                            modifiers: 0,
                            key: Left,
                        },
                    ),
                }: Left,
                Key {
                    event: KeyEvent {
                        code: Up,
                        modifiers: KeyModifiers(
                            0x0,
                        ),
                        kind: Press,
                        state: KeyEventState(
                            0x0,
                        ),
                    },
                    node: Some(
                        Node {
                            modifiers: 0,
                            key: Up,
                        },
                    ),
                }: Up,
            },
        ),
        Normal: ActionMap(
            {
                Key {
                    event: KeyEvent {
                        code: Char(
                            '0',
                        ),
                        modifiers: KeyModifiers(
                            0x0,
                        ),
                        kind: Press,
                        state: KeyEventState(
                            0x0,
                        ),
                    },
                    node: Some(
                        Node {
                            modifiers: 0,
                            key: Char(
                                '0',
                            ),
                        },
                    ),
                }: Beginning,
                Key {
                    event: KeyEvent {
                        code: Left,
                        modifiers: KeyModifiers(
                            0x0,
                        ),
                        kind: Press,
                        state: KeyEventState(
                            0x0,
                        ),
                    },
                    node: Some(
                        Node {
                            modifiers: 0,
                            key: Left,
                        },
                    ),
                }: Left,
                Key {
                    event: KeyEvent {
                        code: Char(
                            'j',
                        ),
                        modifiers: KeyModifiers(
                            0x0,
                        ),
                        kind: Press,
                        state: KeyEventState(
                            0x0,
                        ),
                    },
                    node: Some(
                        Node {
                            modifiers: 0,
                            key: Char(
                                'j',
                            ),
                        },
                    ),
                }: Down,
                Key {
                    event: KeyEvent {
                        code: Char(
                            'a',
                        ),
                        modifiers: KeyModifiers(
                            0x0,
                        ),
                        kind: Press,
                        state: KeyEventState(
                            0x0,
                        ),
                    },
                    node: Some(
                        Node {
                            modifiers: 0,
                            key: Char(
                                'a',
                            ),
                        },
                    ),
                }: Edit,
                Key {
                    event: KeyEvent {
                        code: Char(
                            'w',
                        ),
                        modifiers: KeyModifiers(
                            0x0,
                        ),
                        kind: Press,
                        state: KeyEventState(
                            0x0,
                        ),
                    },
                    node: Some(
                        Node {
                            modifiers: 0,
                            key: Char(
                                'w',
                            ),
                        },
                    ),
                }: RightWord,
                Key {
                    event: KeyEvent {
                        code: Char(
                            'i',
                        ),
                        modifiers: KeyModifiers(
                            0x0,
                        ),
                        kind: Press,
                        state: KeyEventState(
                            0x0,
                        ),
                    },
                    node: Some(
                        Node {
                            modifiers: 0,
                            key: Char(
                                'i',
                            ),
                        },
                    ),
                }: Edit,
                Key {
                    event: KeyEvent {
                        code: Char(
                            'q',
                        ),
                        modifiers: KeyModifiers(
                            0x0,
                        ),
                        kind: Press,
                        state: KeyEventState(
                            0x0,
                        ),
                    },
                    node: Some(
                        Node {
                            modifiers: 0,
                            key: Char(
                                'q',
                            ),
                        },
                    ),
                }: Quit,
                Key {
                    event: KeyEvent {
                        code: Char(
                            'h',
                        ),
                        modifiers: KeyModifiers(
                            0x0,
                        ),
                        kind: Press,
                        state: KeyEventState(
                            0x0,
                        ),
                    },
                    node: Some(
                        Node {
                            modifiers: 0,
                            key: Char(
                                'h',
                            ),
                        },
                    ),
                }: Left,
                Key {
                    event: KeyEvent {
                        code: Up,
                        modifiers: KeyModifiers(
                            0x0,
                        ),
                        kind: Press,
                        state: KeyEventState(
                            0x0,
                        ),
                    },
                    node: Some(
                        Node {
                            modifiers: 0,
                            key: Up,
                        },
                    ),
                }: Up,
                Key {
                    event: KeyEvent {
                        code: Char(
                            'k',
                        ),
                        modifiers: KeyModifiers(
                            0x0,
                        ),
                        kind: Press,
                        state: KeyEventState(
                            0x0,
                        ),
                    },
                    node: Some(
                        Node {
                            modifiers: 0,
                            key: Char(
                                'k',
                            ),
                        },
                    ),
                }: Up,
                Key {
                    event: KeyEvent {
                        code: Esc,
                        modifiers: KeyModifiers(
                            0x0,
                        ),
                        kind: Press,
                        state: KeyEventState(
                            0x0,
                        ),
                    },
                    node: Some(
                        Node {
                            modifiers: 0,
                            key: Esc,
                        },
                    ),
                }: Escape,
                Key {
                    event: KeyEvent {
                        code: Char(
                            'r',
                        ),
                        modifiers: KeyModifiers(
                            0x0,
                        ),
                        kind: Press,
                        state: KeyEventState(
                            0x0,
                        ),
                    },
                    node: Some(
                        Node {
                            modifiers: 0,
                            key: Char(
                                'r',
                            ),
                        },
                    ),
                }: Refresh,
                Key {
                    event: KeyEvent {
                        code: Enter,
                        modifiers: KeyModifiers(
                            0x0,
                        ),
                        kind: Press,
                        state: KeyEventState(
                            0x0,
                        ),
                    },
                    node: Some(
                        Node {
                            modifiers: 0,
                            key: Enter,
                        },
                    ),
                }: Enter,
                Key {
                    event: KeyEvent {
                        code: Backspace,
                        modifiers: KeyModifiers(
                            0x0,
                        ),
                        kind: Press,
                        state: KeyEventState(
                            0x0,
                        ),
                    },
                    node: Some(
                        Node {
                            modifiers: 0,
                            key: Backspace,
                        },
                    ),
                }: Left,
                Key {
                    event: KeyEvent {
                        code: Down,
                        modifiers: KeyModifiers(
                            0x0,
                        ),
                        kind: Press,
                        state: KeyEventState(
                            0x0,
                        ),
                    },
                    node: Some(
                        Node {
                            modifiers: 0,
                            key: Down,
                        },
                    ),
                }: Down,
                Key {
                    event: KeyEvent {
                        code: Char(
                            'b',
                        ),
                        modifiers: KeyModifiers(
                            0x0,
                        ),
                        kind: Press,
                        state: KeyEventState(
                            0x0,
                        ),
                    },
                    node: Some(
                        Node {
                            modifiers: 0,
                            key: Char(
                                'b',
                            ),
                        },
                    ),
                }: LeftWord,
                Key {
                    event: KeyEvent {
                        code: Char(
                            '$',
                        ),
                        modifiers: KeyModifiers(
                            0x0,
                        ),
                        kind: Press,
                        state: KeyEventState(
                            0x0,
                        ),
                    },
                    node: Some(
                        Node {
                            modifiers: 0,
                            key: Char(
                                '$',
                            ),
                        },
                    ),
                }: End,
            },
        ),
    },
)
